[08-05 01:08:24] icon init: AppUserModelID set before Tk to NavEditor.App.FixedIcon.20260805
[08-05 01:08:24] icon init: _base=C:\Users\29773\AppData\Local\Temp\_MEI435242 _ico_path=C:\Users\29773\AppData\Local\Temp\_MEI435242\app_icon.ico exists=True
[08-05 01:08:24] icon init: iconbitmap OK
[08-05 01:08:24] _fix_taskbar_icon: done big=13438997 small=105386283
[08-05 01:08:24] __init__ start; frozen=True theme=light
[08-05 01:08:25] __init__ done; auto_start scheduled in 100ms
[08-05 01:08:25] mainloop starting
[08-05 01:08:25] auto_start triggered; httpd_already=False
[08-05 01:08:26] _fix_taskbar_icon: done big=378275843 small=36966635
[08-05 01:08:26] start_server: begin; bind=127.0.0.1 project_dir=C:\Users\29773\Downloads\备份\NavEditor
[08-05 01:08:26] start_server: step3 trying candidates [9620, 9527, 9528, 9529, 9530, 9531]
[08-05 01:08:26] start_server: bind attempt on port 9620
[08-05 01:08:26] start_server: TCP probe 127.0.0.1:9620 attempt 1
[08-05 01:08:26] start_server: TCP ok on port 9620
[08-05 01:08:26] start_server: HTTP probe http://127.0.0.1:9620/editor.html
[08-05 01:08:27] start_server: HTTP probe failed on port 9620: timed out
[08-05 01:08:27] start_server: STARTED on port 9620 (TCP ok, HTTP verify skipped)
[08-05 01:08:27] start_server: success; ACTUAL_PORT=9620
[08-05 01:08:27] _fix_taskbar_icon: done big=166334425 small=236522935
[08-05 01:08:27] auto_start finished; status="服务器运行中"
[08-05 01:20:53] icon init: AppUserModelID set before Tk to NavEditor.App.FixedIcon.20260805
[08-05 01:20:53] icon init: _base=C:\Users\29773\AppData\Local\Temp\_MEI339642 _ico_path=C:\Users\29773\AppData\Local\Temp\_MEI339642\app_icon.ico exists=True
[08-05 01:20:53] icon init: iconbitmap OK
[08-05 01:20:53] _fix_taskbar_icon: done big=130420537 small=4722879
[08-05 01:20:53] __init__ start; frozen=True theme=light
[08-05 01:20:54] __init__ done; auto_start scheduled in 100ms
[08-05 01:20:54] mainloop starting
[08-05 01:20:54] auto_start triggered; httpd_already=False
[08-05 01:20:54] _fix_taskbar_icon: done big=31658111 small=812125283
[08-05 01:20:54] start_server: begin; bind=127.0.0.1 project_dir=C:\Users\29773\Downloads\备份\NavEditor
[08-05 01:20:55] start_server: step3 trying candidates [9620, 9527, 9528, 9529, 9530, 9531]
[08-05 01:20:55] start_server: bind attempt on port 9620
[08-05 01:20:55] start_server: TCP probe 127.0.0.1:9620 attempt 1
[08-05 01:20:55] start_server: TCP ok on port 9620
[08-05 01:20:55] start_server: HTTP probe http://127.0.0.1:9620/editor.html
[08-05 01:20:56] start_server: HTTP probe failed on port 9620: timed out
[08-05 01:20:56] start_server: STARTED on port 9620 (TCP ok, HTTP verify skipped)
[08-05 01:20:56] start_server: success; ACTUAL_PORT=9620
[08-05 01:20:56] _fix_taskbar_icon: done big=250220291 small=83755889
[08-05 01:20:56] auto_start finished; status="服务器运行中"
[08-05 01:25:35] icon init: AppUserModelID set before Tk to NavEditor.App.FixedIcon.20260805
[08-05 01:25:35] icon init: _base=C:\Users\29773\AppData\Local\Temp\_MEI353682 _ico_path=C:\Users\29773\AppData\Local\Temp\_MEI353682\app_icon.ico exists=True
[08-05 01:25:35] icon init: iconbitmap OK
[08-05 01:25:35] _fix_taskbar_icon: done big=90050363 small=49089941
[08-05 01:25:35] __init__ start; frozen=True theme=light
[08-05 01:25:36] __init__ done; auto_start scheduled in 100ms
[08-05 01:25:36] mainloop starting
[08-05 01:25:36] auto_start triggered; httpd_already=False
[08-05 01:25:36] _fix_taskbar_icon: done big=594273 small=4657457
[08-05 01:25:36] start_server: begin; bind=127.0.0.1 project_dir=C:\Users\29773\Downloads\备份\NavEditor
[08-05 01:25:37] start_server: step3 trying candidates [9620, 9527, 9528, 9529, 9530, 9531]
[08-05 01:25:37] start_server: bind attempt on port 9620
[08-05 01:25:37] start_server: TCP probe 127.0.0.1:9620 attempt 1
[08-05 01:25:37] start_server: TCP ok on port 9620
[08-05 01:25:37] start_server: HTTP probe http://127.0.0.1:9620/editor.html
[08-05 01:25:38] start_server: HTTP probe failed on port 9620: timed out
[08-05 01:25:38] start_server: STARTED on port 9620 (TCP ok, HTTP verify skipped)
[08-05 01:25:38] start_server: success; ACTUAL_PORT=9620
[08-05 01:25:38] _fix_taskbar_icon: done big=58526909 small=149293727
[08-05 01:25:38] auto_start finished; status="服务器运行中"
[08-05 01:28:42] icon init: AppUserModelID set before Tk to NavEditor.App.FixedIcon.20260805
[08-05 01:28:42] icon init: _base=C:\Users\29773\AppData\Local\Temp\_MEI419362 _ico_path=C:\Users\29773\AppData\Local\Temp\_MEI419362\app_icon.ico exists=True
[08-05 01:28:42] icon init: iconbitmap OK
[08-05 01:28:42] _fix_taskbar_icon: done big=143657137 small=60821841
[08-05 01:28:42] __init__ start; frozen=True theme=light
[08-05 01:28:43] __init__ done; auto_start scheduled in 100ms
[08-05 01:28:43] mainloop starting
[08-05 01:28:43] auto_start triggered; httpd_already=False
[08-05 01:28:43] _fix_taskbar_icon: done big=533204817 small=58723517
[08-05 01:28:43] start_server: begin; bind=127.0.0.1 project_dir=C:\Users\29773\Downloads\备份\NavEditor
[08-05 01:28:44] start_server: step3 trying candidates [9620, 9527, 9528, 9529, 9530, 9531]
[08-05 01:28:44] start_server: bind attempt on port 9620
[08-05 01:28:44] start_server: TCP probe 127.0.0.1:9620 attempt 1
[08-05 01:28:44] start_server: TCP ok on port 9620
[08-05 01:28:44] start_server: HTTP probe http://127.0.0.1:9620/editor.html
[08-05 01:28:44] start_server: HTTP probe failed on port 9620: timed out
[08-05 01:28:44] start_server: STARTED on port 9620 (TCP ok, HTTP verify skipped)
[08-05 01:28:44] start_server: success; ACTUAL_PORT=9620
[08-05 01:28:44] _fix_taskbar_icon: done big=83430825 small=136842185
[08-05 01:28:45] auto_start finished; status="服务器运行中"
[08-05 01:30:08] icon init: AppUserModelID set before Tk to NavEditor.App.FixedIcon.20260805
[08-05 01:30:08] icon init: _base=C:\Users\29773\AppData\Local\Temp\_MEI423882 _ico_path=C:\Users\29773\AppData\Local\Temp\_MEI423882\app_icon.ico exists=True
[08-05 01:30:08] icon init: iconbitmap OK
[08-05 01:30:08] _fix_taskbar_icon: done big=105123521 small=50401235
[08-05 01:30:08] __init__ start; frozen=True theme=light
[08-05 01:30:09] __init__ done; auto_start scheduled in 100ms
[08-05 01:30:09] mainloop starting
[08-05 01:30:09] auto_start triggered; httpd_already=False
[08-05 01:30:09] _fix_taskbar_icon: done big=113774489 small=25628655
[08-05 01:30:09] start_server: begin; bind=127.0.0.1 project_dir=C:\Users\29773\Downloads\备份\NavEditor
[08-05 01:30:10] start_server: step3 trying candidates [9620, 9527, 9528, 9529, 9530, 9531]
[08-05 01:30:10] start_server: bind attempt on port 9620
[08-05 01:30:10] start_server: TCP probe 127.0.0.1:9620 attempt 1
[08-05 01:30:10] start_server: TCP ok on port 9620
[08-05 01:30:10] start_server: HTTP probe http://127.0.0.1:9620/editor.html
[08-05 01:30:11] start_server: HTTP probe failed on port 9620: timed out
[08-05 01:30:11] start_server: STARTED on port 9620 (TCP ok, HTTP verify skipped)
[08-05 01:30:11] start_server: success; ACTUAL_PORT=9620
[08-05 01:30:11] _fix_taskbar_icon: done big=12914749 small=68096497
[08-05 01:30:11] auto_start finished; status="服务器运行中"
[08-05 02:13:19] icon init: AppUserModelID set before Tk to NavEditor.App.FixedIcon.20260805
[08-05 02:13:19] icon init: _base=C:\Users\29773\AppData\Local\Temp\_MEI129202 _ico_path=C:\Users\29773\AppData\Local\Temp\_MEI129202\app_icon.ico exists=True
[08-05 02:13:19] icon init: iconbitmap OK
[08-05 02:13:19] _fix_taskbar_icon: done big=132451953 small=204279617
[08-05 02:13:19] __init__ start; frozen=True theme=light
[08-05 02:13:20] __init__ done; auto_start scheduled in 100ms
[08-05 02:13:20] mainloop starting
[08-05 02:13:20] auto_start triggered; httpd_already=False
[08-05 02:13:20] _fix_taskbar_icon: done big=2887847 small=76025859
[08-05 02:13:20] start_server: begin; bind=127.0.0.1 project_dir=C:\Users\29773\Downloads\备份\NavEditor
[08-05 02:13:21] start_server: step3 trying candidates [9620, 9527, 9528, 9529, 9530, 9531]
[08-05 02:13:21] start_server: bind attempt on port 9620
[08-05 02:13:21] start_server: TCP probe 127.0.0.1:9620 attempt 1
[08-05 02:13:21] start_server: TCP ok on port 9620
[08-05 02:13:21] start_server: HTTP probe http://127.0.0.1:9620/editor.html
[08-05 02:13:22] start_server: HTTP probe failed on port 9620: timed out
[08-05 02:13:22] start_server: STARTED on port 9620 (TCP ok, HTTP verify skipped)
[08-05 02:13:22] start_server: success; ACTUAL_PORT=9620
[08-05 02:13:22] _fix_taskbar_icon: done big=301861559 small=248516113
[08-05 02:13:22] auto_start finished; status="服务器运行中"
[08-05 08:52:49] icon init: AppUserModelID set before Tk to NavEditor.App.FixedIcon.20260805
[08-05 08:52:49] icon init: _base=C:\Users\29773\AppData\Local\Temp\_MEI329002 _ico_path=C:\Users\29773\AppData\Local\Temp\_MEI329002\app_icon.ico exists=True
[08-05 08:52:49] icon init: iconbitmap OK
[08-05 08:52:49] _fix_taskbar_icon: done big=787719 small=4653745
[08-05 08:52:49] __init__ start; frozen=True theme=light
[08-05 08:52:50] __init__ done; auto_start scheduled in 100ms
[08-05 08:52:50] mainloop starting
[08-05 08:52:50] auto_start triggered; httpd_already=False
[08-05 08:52:50] _fix_taskbar_icon: done big=1441869 small=134251
[08-05 08:52:50] start_server: begin; bind=127.0.0.1 project_dir=C:\Users\29773\Downloads\备份\NavEditor
[08-05 08:52:51] start_server: step3 trying candidates [9620, 9527, 9528, 9529, 9530, 9531]
[08-05 08:52:51] start_server: bind attempt on port 9620
[08-05 08:52:51] start_server: TCP probe 127.0.0.1:9620 attempt 1
[08-05 08:52:51] start_server: TCP ok on port 9620
[08-05 08:52:51] start_server: HTTP probe http://127.0.0.1:9620/editor.html
[08-05 08:52:51] start_server: HTTP probe failed on port 9620: timed out
[08-05 08:52:51] start_server: STARTED on port 9620 (TCP ok, HTTP verify skipped)
[08-05 08:52:51] start_server: success; ACTUAL_PORT=9620
[08-05 08:52:51] _fix_taskbar_icon: done big=17302007 small=920577
[08-05 08:52:52] auto_start finished; status="服务器运行中"
[08-05 10:15:49] UNCAUGHT EXCEPTION:
Traceback (most recent call last):
  File "<stdin>", line 24, in <module>
NameError: name 're' is not defined

[08-05 10:32:06] UNCAUGHT EXCEPTION:
Traceback (most recent call last):
  File "<stdin>", line 45, in <module>
  File "C:\Users\29773\Downloads\备份\NavEditor\launcher.py", line 1126, in _collect_deploy_files
    dirs[:] = [d for d in dirs if d not in self.DEPLOY_EXCLUDE_PREFIX]
              ^^^^^^^^^^^^^^^^^^^^^^^^^^^^^^^^^^^^^^^^^^^^^^^^^^^^^^^^
  File "C:\Users\29773\Downloads\备份\NavEditor\launcher.py", line 1126, in <listcomp>
    dirs[:] = [d for d in dirs if d not in self.DEPLOY_EXCLUDE_PREFIX]
                                           ^^^^^^^^^^^^^^^^^^^^^^^^^^
AttributeError: 'Fake' object has no attribute 'DEPLOY_EXCLUDE_PREFIX'

[08-05 10:32:25] UNCAUGHT EXCEPTION:
Traceback (most recent call last):
  File "<stdin>", line 34, in <module>
  File "C:\Users\29773\Downloads\备份\NavEditor\launcher.py", line 1241, in _build_zip
    files = self._collect_deploy_files(payload)
            ^^^^^^^^^^^^^^^^^^^^^^^^^^
AttributeError: 'Fake' object has no attribute '_collect_deploy_files'

[08-05 10:38:23] UNCAUGHT EXCEPTION:
Traceback (most recent call last):
  File "<stdin>", line 27, in <module>
  File "C:\Users\29773\Downloads\备份\NavEditor\launcher.py", line 708, in list_version_deploy_files
    _collect(deploy_path, '', True)
  File "C:\Users\29773\Downloads\备份\NavEditor\launcher.py", line 687, in _collect
    if any(rel.startswith(sub) for sub in self.DEPLOY_EXCLUDE_SUBPATH):
                                          ^^^^^^^^^^^^^^^^^^^^^^^^^^^
AttributeError: 'SiteStorage' object has no attribute 'DEPLOY_EXCLUDE_SUBPATH'

[08-05 11:19:27] icon init: AppUserModelID set before Tk to NavEditor.App.FixedIcon.20260805
[08-05 11:19:27] icon init: _base=C:\Users\29773\AppData\Local\Temp\_MEI361442 _ico_path=C:\Users\29773\AppData\Local\Temp\_MEI361442\app_icon.ico exists=True
[08-05 11:19:27] icon init: iconbitmap OK
[08-05 11:19:28] _fix_taskbar_icon: done big=4655977 small=68750931
[08-05 11:19:28] __init__ start; frozen=True theme=light
[08-05 11:19:28] __init__ done; auto_start scheduled in 100ms
[08-05 11:19:28] mainloop starting
[08-05 11:19:29] auto_start triggered; httpd_already=False
[08-05 11:19:29] _fix_taskbar_icon: done big=62196373 small=15404871
[08-05 11:19:29] start_server: begin; bind=127.0.0.1 project_dir=C:\Users\29773\Downloads\备份\NavEditor
[08-05 11:19:29] start_server: step3 trying candidates [9620, 9527, 9528, 9529, 9530, 9531]
[08-05 11:19:30] start_server: bind attempt on port 9620
[08-05 11:19:30] start_server: TCP probe 127.0.0.1:9620 attempt 1
[08-05 11:19:30] start_server: TCP ok on port 9620
[08-05 11:19:30] start_server: HTTP probe http://127.0.0.1:9620/editor.html
[08-05 11:19:30] start_server: HTTP probe failed on port 9620: timed out
[08-05 11:19:30] start_server: STARTED on port 9620 (TCP ok, HTTP verify skipped)
[08-05 11:19:30] start_server: success; ACTUAL_PORT=9620
[08-05 11:19:30] _fix_taskbar_icon: done big=88212477 small=48106971
[08-05 11:19:30] auto_start finished; status="服务器运行中"
[08-05 11:25:25] icon init: AppUserModelID set before Tk to NavEditor.App.FixedIcon.20260805
[08-05 11:25:25] icon init: _base=C:\Users\29773\AppData\Local\Temp\_MEI268162 _ico_path=C:\Users\29773\AppData\Local\Temp\_MEI268162\app_icon.ico exists=True
[08-05 11:25:25] icon init: iconbitmap OK
[08-05 11:25:25] _fix_taskbar_icon: done big=23137071 small=31262057
[08-05 11:25:25] __init__ start; frozen=True theme=light
[08-05 11:25:26] __init__ done; auto_start scheduled in 100ms
[08-05 11:25:26] mainloop starting
[08-05 11:25:26] auto_start triggered; httpd_already=False
[08-05 11:25:26] _fix_taskbar_icon: done big=77860107 small=111873727
[08-05 11:25:26] start_server: begin; bind=127.0.0.1 project_dir=C:\Users\29773\Downloads\备份\NavEditor
[08-05 11:25:27] start_server: step3 trying candidates [9620, 9527, 9528, 9529, 9530, 9531]
[08-05 11:25:27] start_server: bind attempt on port 9620
[08-05 11:25:27] start_server: TCP probe 127.0.0.1:9620 attempt 1
[08-05 11:25:27] start_server: TCP ok on port 9620
[08-05 11:25:27] start_server: HTTP probe http://127.0.0.1:9620/editor.html
[08-05 11:25:28] start_server: HTTP probe failed on port 9620: timed out
[08-05 11:25:28] start_server: STARTED on port 9620 (TCP ok, HTTP verify skipped)
[08-05 11:25:28] start_server: success; ACTUAL_PORT=9620
[08-05 11:25:28] _fix_taskbar_icon: done big=36638499 small=1248023
[08-05 11:25:28] auto_start finished; status="服务器运行中"
[08-05 12:22:40] icon init: AppUserModelID set before Tk to NavEditor.App.FixedIcon.20260805
[08-05 12:22:40] icon init: _base=C:\Users\29773\AppData\Local\Temp\_MEI328162 _ico_path=C:\Users\29773\AppData\Local\Temp\_MEI328162\app_icon.ico exists=True
[08-05 12:22:40] icon init: iconbitmap OK
[08-05 12:22:40] _fix_taskbar_icon: done big=80021985 small=254740329
[08-05 12:22:40] __init__ start; frozen=True theme=light
[08-05 12:22:42] __init__ done; auto_start scheduled in 100ms
[08-05 12:22:42] mainloop starting
[08-05 12:22:42] auto_start triggered; httpd_already=False
[08-05 12:22:42] _fix_taskbar_icon: done big=20120335 small=410127271
[08-05 12:22:42] start_server: begin; bind=127.0.0.1 project_dir=C:\Users\29773\Downloads\备份\NavEditor
[08-05 12:22:43] start_server: step3 trying candidates [9620, 9527, 9528, 9529, 9530, 9531]
[08-05 12:22:43] start_server: bind attempt on port 9620
[08-05 12:22:43] start_server: TCP probe 127.0.0.1:9620 attempt 1
[08-05 12:22:43] start_server: TCP ok on port 9620
[08-05 12:22:43] start_server: HTTP probe http://127.0.0.1:9620/editor.html
[08-05 12:22:43] start_server: HTTP probe failed on port 9620: timed out
[08-05 12:22:43] start_server: STARTED on port 9620 (TCP ok, HTTP verify skipped)
[08-05 12:22:43] start_server: success; ACTUAL_PORT=9620
[08-05 12:22:44] _fix_taskbar_icon: done big=136514883 small=162795125
[08-05 12:22:44] auto_start finished; status="服务器运行中"
[08-05 12:30:54] icon init: AppUserModelID set before Tk to NavEditor.App.FixedIcon.20260805
[08-05 12:30:54] icon init: _base=C:\Users\29773\Downloads\备份\NavEditor _ico_path=C:\Users\29773\Downloads\备份\NavEditor\app_icon.ico exists=True
[08-05 12:30:54] icon init: iconbitmap OK
[08-05 12:30:54] _fix_taskbar_icon: done big=185797621 small=104532151
[08-05 12:30:54] __init__ start; frozen=False theme=light
[08-05 12:30:56] __init__ done; auto_start scheduled in 60000ms
[08-05 12:30:57] _fix_taskbar_icon: done big=409274615 small=245564641
[08-05 12:31:15] icon init: AppUserModelID set before Tk to NavEditor.App.FixedIcon.20260805
[08-05 12:31:15] icon init: _base=C:\Users\29773\Downloads\备份\NavEditor _ico_path=C:\Users\29773\Downloads\备份\NavEditor\app_icon.ico exists=True
[08-05 12:31:15] icon init: iconbitmap OK
[08-05 12:31:15] _fix_taskbar_icon: done big=52563747 small=140578281
[08-05 12:31:15] __init__ start; frozen=False theme=light
[08-05 12:31:17] __init__ done; auto_start scheduled in 60000ms
[08-05 12:31:18] _fix_taskbar_icon: done big=173018741 small=299896127
[08-05 12:32:04] icon init: AppUserModelID set before Tk to NavEditor.App.FixedIcon.20260805
[08-05 12:32:04] icon init: _base=C:\Users\29773\AppData\Local\Temp\_MEI366402 _ico_path=C:\Users\29773\AppData\Local\Temp\_MEI366402\app_icon.ico exists=True
[08-05 12:32:04] icon init: iconbitmap OK
[08-05 12:32:04] _fix_taskbar_icon: done big=259461043 small=139594645
[08-05 12:32:04] __init__ start; frozen=True theme=light
[08-05 12:32:06] __init__ done; auto_start scheduled in 100ms
[08-05 12:32:06] mainloop starting
[08-05 12:32:06] auto_start triggered; httpd_already=False
[08-05 12:32:07] _fix_taskbar_icon: done big=84085147 small=190187073
[08-05 12:32:07] start_server: begin; bind=127.0.0.1 project_dir=C:\Users\29773\Downloads\备份\NavEditor
[08-05 12:32:07] start_server: step3 trying candidates [9620, 9527, 9528, 9529, 9530, 9531]
[08-05 12:32:08] start_server: bind attempt on port 9620
[08-05 12:32:08] start_server: TCP probe 127.0.0.1:9620 attempt 1
[08-05 12:32:08] start_server: TCP ok on port 9620
[08-05 12:32:08] start_server: HTTP probe http://127.0.0.1:9620/editor.html
[08-05 12:32:08] start_server: HTTP probe failed on port 9620: timed out
[08-05 12:32:08] start_server: STARTED on port 9620 (TCP ok, HTTP verify skipped)
[08-05 12:32:08] start_server: success; ACTUAL_PORT=9620
[08-05 12:32:08] _fix_taskbar_icon: done big=116657655 small=163056821
[08-05 12:32:08] auto_start finished; status="服务器运行中"
[08-05 12:37:27] icon init: AppUserModelID set before Tk to NavEditor.App.FixedIcon.20260805
[08-05 12:37:27] icon init: _base=C:\Users\29773\Downloads\备份\NavEditor _ico_path=C:\Users\29773\Downloads\备份\NavEditor\app_icon.ico exists=True
[08-05 12:37:27] icon init: iconbitmap OK
[08-05 12:37:27] _fix_taskbar_icon: done big=69405049 small=7080809
[08-05 12:37:27] __init__ start; frozen=False theme=light
[08-05 12:37:29] __init__ done; auto_start scheduled in 60000ms
[08-05 12:37:29] _fix_taskbar_icon: done big=91295347 small=191235649
[08-05 12:37:41] icon init: AppUserModelID set before Tk to NavEditor.App.FixedIcon.20260805
[08-05 12:37:41] icon init: _base=C:\Users\29773\Downloads\备份\NavEditor _ico_path=C:\Users\29773\Downloads\备份\NavEditor\app_icon.ico exists=True
[08-05 12:37:41] icon init: iconbitmap OK
[08-05 12:37:41] _fix_taskbar_icon: done big=175507879 small=48433797
[08-05 12:37:41] __init__ start; frozen=False theme=light
[08-05 12:37:43] __init__ done; auto_start scheduled in 60000ms
[08-05 12:37:44] _fix_taskbar_icon: done big=266345 small=135279
[08-05 12:38:25] icon init: AppUserModelID set before Tk to NavEditor.App.FixedIcon.20260805
[08-05 12:38:25] icon init: _base=C:\Users\29773\Downloads\备份\NavEditor _ico_path=C:\Users\29773\Downloads\备份\NavEditor\app_icon.ico exists=True
[08-05 12:38:25] icon init: iconbitmap OK
[08-05 12:38:25] _fix_taskbar_icon: done big=147982817 small=309267775
[08-05 12:38:25] __init__ start; frozen=False theme=light
[08-05 12:38:26] __init__ done; auto_start scheduled in 60000ms
[08-05 12:38:27] _fix_taskbar_icon: done big=139922325 small=200847
[08-05 12:40:06] icon init: AppUserModelID set before Tk to NavEditor.App.FixedIcon.20260805
[08-05 12:40:07] icon init: _base=C:\Users\29773\AppData\Local\Temp\_MEI328962 _ico_path=C:\Users\29773\AppData\Local\Temp\_MEI328962\app_icon.ico exists=True
[08-05 12:40:07] icon init: iconbitmap OK
[08-05 12:40:07] _fix_taskbar_icon: done big=89983961 small=355208167
[08-05 12:40:07] __init__ start; frozen=True theme=light
[08-05 12:40:09] __init__ done; auto_start scheduled in 60000ms
[08-05 12:40:09] mainloop starting
[08-05 12:40:09] _fix_taskbar_icon: done big=70453625 small=69340999
[08-05 12:40:10] _fix_taskbar_icon: done big=191694401 small=165089003
[08-05 12:40:45] icon init: AppUserModelID set before Tk to NavEditor.App.FixedIcon.20260805
[08-05 12:40:45] icon init: _base=C:\Users\29773\AppData\Local\Temp\_MEI334722 _ico_path=C:\Users\29773\AppData\Local\Temp\_MEI334722\app_icon.ico exists=True
[08-05 12:40:45] icon init: iconbitmap OK
[08-05 12:40:45] _fix_taskbar_icon: done big=191825473 small=210896047
[08-05 12:40:45] __init__ start; frozen=True theme=light
[08-05 12:40:47] __init__ done; auto_start scheduled in 100ms
[08-05 12:40:47] mainloop starting
[08-05 12:40:47] auto_start triggered; httpd_already=False
[08-05 12:40:48] _fix_taskbar_icon: done big=493683971 small=69668679
[08-05 12:40:48] start_server: begin; bind=127.0.0.1 project_dir=C:\Users\29773\Downloads\备份\NavEditor
[08-05 12:40:49] start_server: step3 trying candidates [9620, 9527, 9528, 9529, 9530, 9531]
[08-05 12:40:49] start_server: bind attempt on port 9620
[08-05 12:40:49] start_server: TCP probe 127.0.0.1:9620 attempt 1
[08-05 12:40:49] start_server: TCP ok on port 9620
[08-05 12:40:49] start_server: HTTP probe http://127.0.0.1:9620/editor.html
[08-05 12:40:49] start_server: HTTP probe failed on port 9620: timed out
[08-05 12:40:49] start_server: STARTED on port 9620 (TCP ok, HTTP verify skipped)
[08-05 12:40:49] start_server: success; ACTUAL_PORT=9620
[08-05 12:40:49] _fix_taskbar_icon: done big=70846841 small=412616951
[08-05 12:40:50] auto_start finished; status="服务器运行中"
[08-05 12:45:31] icon init: AppUserModelID set before Tk to NavEditor.App.FixedIcon.20260805
[08-05 12:45:31] icon init: _base=C:\Users\29773\Downloads\备份\NavEditor _ico_path=C:\Users\29773\Downloads\备份\NavEditor\app_icon.ico exists=True
[08-05 12:45:32] icon init: iconbitmap OK
[08-05 12:45:32] _fix_taskbar_icon: done big=92276875 small=63766749
[08-05 12:45:32] __init__ start; frozen=False theme=light
[08-05 12:45:33] __init__ done; auto_start scheduled in 100ms
[08-05 12:45:33] auto_start triggered; httpd_already=False
[08-05 12:45:33] _fix_taskbar_icon: done big=69837 small=69839
[08-05 12:45:33] start_server: begin; bind=127.0.0.1 project_dir=C:\Users\29773\Downloads\备份\NavEditor
[08-05 12:45:33] start_server: existing instance detected on port 9620
[08-05 12:46:12] icon init: AppUserModelID set before Tk to NavEditor.App.FixedIcon.20260805
[08-05 12:46:12] icon init: _base=C:\Users\29773\Downloads\备份\NavEditor _ico_path=C:\Users\29773\Downloads\备份\NavEditor\app_icon.ico exists=True
[08-05 12:46:12] icon init: iconbitmap OK
[08-05 12:46:12] _fix_taskbar_icon: done big=64294629 small=659575
[08-05 12:46:12] __init__ start; frozen=False theme=light
[08-05 12:46:13] __init__ done; auto_start scheduled in 60000ms
[08-05 12:46:14] _fix_taskbar_icon: done big=528571 small=269159367
[08-05 12:47:27] icon init: AppUserModelID set before Tk to NavEditor.App.FixedIcon.20260805
[08-05 12:47:27] icon init: _base=C:\Users\29773\AppData\Local\Temp\_MEI383762 _ico_path=C:\Users\29773\AppData\Local\Temp\_MEI383762\app_icon.ico exists=True
[08-05 12:47:27] icon init: iconbitmap OK
[08-05 12:47:28] _fix_taskbar_icon: done big=164498613 small=635046067
[08-05 12:47:28] __init__ start; frozen=True theme=light
[08-05 12:47:30] __init__ done; auto_start scheduled in 100ms
[08-05 12:47:30] mainloop starting
[08-05 12:47:30] auto_start triggered; httpd_already=False
[08-05 12:47:30] _fix_taskbar_icon: done big=180881831 small=7737551
[08-05 12:47:31] start_server: begin; bind=127.0.0.1 project_dir=C:\Users\29773\Downloads\备份\NavEditor
[08-05 12:47:31] start_server: step3 trying candidates [9620, 9527, 9528, 9529, 9530, 9531]
[08-05 12:47:31] start_server: bind attempt on port 9620
[08-05 12:47:32] start_server: TCP probe 127.0.0.1:9620 attempt 1
[08-05 12:47:32] start_server: TCP ok on port 9620
[08-05 12:47:32] start_server: HTTP probe http://127.0.0.1:9620/editor.html
[08-05 12:47:32] start_server: HTTP probe failed on port 9620: timed out
[08-05 12:47:32] start_server: STARTED on port 9620 (TCP ok, HTTP verify skipped)
[08-05 12:47:32] start_server: success; ACTUAL_PORT=9620
[08-05 12:47:32] _fix_taskbar_icon: done big=211485871 small=232786737
[08-05 12:47:33] auto_start finished; status="服务器运行中"
[08-05 12:50:02] icon init: AppUserModelID set before Tk to NavEditor.App.FixedIcon.20260805
[08-05 12:50:03] icon init: _base=C:\Users\29773\AppData\Local\Temp\_MEI192402 _ico_path=C:\Users\29773\AppData\Local\Temp\_MEI192402\app_icon.ico exists=True
[08-05 12:50:03] icon init: iconbitmap OK
[08-05 12:50:03] _fix_taskbar_icon: done big=314576191 small=3608789
[08-05 12:50:03] __init__ start; frozen=True theme=light
[08-05 12:50:05] __init__ done; auto_start scheduled in 100ms
[08-05 12:50:05] mainloop starting
[08-05 12:50:05] auto_start triggered; httpd_already=False
[08-05 12:50:06] _fix_taskbar_icon: done big=355666919 small=283446953
[08-05 12:50:06] start_server: begin; bind=127.0.0.1 project_dir=C:\Users\29773\Downloads\备份\NavEditor
[08-05 12:50:06] start_server: step3 trying candidates [9620, 9527, 9528, 9529, 9530, 9531]
[08-05 12:50:07] start_server: bind attempt on port 9620
[08-05 12:50:07] start_server: TCP probe 127.0.0.1:9620 attempt 1
[08-05 12:50:07] start_server: TCP ok on port 9620
[08-05 12:50:07] start_server: HTTP probe http://127.0.0.1:9620/editor.html
[08-05 12:50:07] start_server: HTTP probe failed on port 9620: timed out
[08-05 12:50:07] start_server: STARTED on port 9620 (TCP ok, HTTP verify skipped)
[08-05 12:50:07] start_server: success; ACTUAL_PORT=9620
[08-05 12:50:07] _fix_taskbar_icon: done big=184945121 small=117443661
[08-05 12:50:08] auto_start finished; status="服务器运行中"
[08-05 12:53:53] icon init: AppUserModelID set before Tk to NavEditor.App.FixedIcon.20260805
[08-05 12:53:53] icon init: _base=C:\Users\29773\Downloads\备份\NavEditor _ico_path=C:\Users\29773\Downloads\备份\NavEditor\app_icon.ico exists=True
[08-05 12:53:53] icon init: iconbitmap OK
[08-05 12:53:53] _fix_taskbar_icon: done big=428018845 small=3805297
[08-05 12:53:53] __init__ start; frozen=False theme=light
[08-05 12:53:55] __init__ done; auto_start scheduled in 60000ms
[08-05 12:53:56] _fix_taskbar_icon: done big=461967231 small=397627
[08-05 12:54:31] icon init: AppUserModelID set before Tk to NavEditor.App.FixedIcon.20260805
[08-05 12:54:31] icon init: _base=C:\Users\29773\Downloads\备份\NavEditor _ico_path=C:\Users\29773\Downloads\备份\NavEditor\app_icon.ico exists=True
[08-05 12:54:31] icon init: iconbitmap OK
[08-05 12:54:31] _fix_taskbar_icon: done big=323619615 small=234621211
[08-05 12:54:31] __init__ start; frozen=False theme=light
[08-05 12:54:33] __init__ done; auto_start scheduled in 60000ms
[08-05 12:54:34] _fix_taskbar_icon: done big=68030181 small=77072761
[08-05 12:54:48] icon init: AppUserModelID set before Tk to NavEditor.App.FixedIcon.20260805
[08-05 12:54:48] icon init: _base=C:\Users\29773\Downloads\备份\NavEditor _ico_path=C:\Users\29773\Downloads\备份\NavEditor\app_icon.ico exists=True
[08-05 12:54:48] icon init: iconbitmap OK
[08-05 12:54:48] _fix_taskbar_icon: done big=481821253 small=92146649
[08-05 12:54:48] __init__ start; frozen=False theme=light
[08-05 12:54:50] __init__ done; auto_start scheduled in 60000ms
[08-05 12:54:51] _fix_taskbar_icon: done big=73404589 small=10817851
[08-05 12:55:22] icon init: AppUserModelID set before Tk to NavEditor.App.FixedIcon.20260805
[08-05 12:55:22] icon init: _base=C:\Users\29773\AppData\Local\Temp\_MEI62442 _ico_path=C:\Users\29773\AppData\Local\Temp\_MEI62442\app_icon.ico exists=True
[08-05 12:55:22] icon init: iconbitmap OK
[08-05 12:55:22] _fix_taskbar_icon: done big=177081953 small=61803369
[08-05 12:55:22] __init__ start; frozen=True theme=light
[08-05 12:55:24] __init__ done; auto_start scheduled in 100ms
[08-05 12:55:24] mainloop starting
[08-05 12:55:24] auto_start triggered; httpd_already=False
[08-05 12:55:25] _fix_taskbar_icon: done big=121768299 small=22417529
[08-05 12:55:25] start_server: begin; bind=127.0.0.1 project_dir=C:\Users\29773\Downloads\备份\NavEditor
[08-05 12:55:26] start_server: step3 trying candidates [9620, 9527, 9528, 9529, 9530, 9531]
[08-05 12:55:26] start_server: bind attempt on port 9620
[08-05 12:55:26] start_server: TCP probe 127.0.0.1:9620 attempt 1
[08-05 12:55:26] start_server: TCP ok on port 9620
[08-05 12:55:26] start_server: HTTP probe http://127.0.0.1:9620/editor.html
[08-05 12:55:26] start_server: HTTP probe failed on port 9620: timed out
[08-05 12:55:26] start_server: STARTED on port 9620 (TCP ok, HTTP verify skipped)
[08-05 12:55:26] start_server: success; ACTUAL_PORT=9620
[08-05 12:55:26] _fix_taskbar_icon: done big=182587153 small=121506893
[08-05 12:55:27] auto_start finished; status="服务器运行中"
[08-05 13:01:34] icon init: AppUserModelID set before Tk to NavEditor.App.FixedIcon.20260805
[08-05 13:01:34] icon init: _base=C:\Users\29773\AppData\Local\Temp\_MEI22882 _ico_path=C:\Users\29773\AppData\Local\Temp\_MEI22882\app_icon.ico exists=True
[08-05 13:01:34] icon init: iconbitmap OK
[08-05 13:01:34] _fix_taskbar_icon: done big=24511349 small=13962153
[08-05 13:01:34] __init__ start; frozen=True theme=light
[08-05 13:01:35] __init__ done; auto_start scheduled in 100ms
[08-05 13:01:35] mainloop starting
[08-05 13:01:35] auto_start triggered; httpd_already=False
[08-05 13:01:35] _fix_taskbar_icon: done big=99683497 small=3934927
[08-05 13:01:35] start_server: begin; bind=127.0.0.1 project_dir=C:\Users\29773\Downloads\备份\NavEditor
[08-05 13:01:36] start_server: step3 trying candidates [9620, 9527, 9528, 9529, 9530, 9531]
[08-05 13:01:36] start_server: bind attempt on port 9620
[08-05 13:01:36] start_server: TCP probe 127.0.0.1:9620 attempt 1
[08-05 13:01:36] start_server: TCP ok on port 9620
[08-05 13:01:36] start_server: HTTP probe http://127.0.0.1:9620/editor.html
[08-05 13:01:37] start_server: HTTP probe failed on port 9620: timed out
[08-05 13:01:37] start_server: STARTED on port 9620 (TCP ok, HTTP verify skipped)
[08-05 13:01:37] start_server: success; ACTUAL_PORT=9620
[08-05 13:01:37] _fix_taskbar_icon: done big=112922171 small=53742917
[08-05 13:01:37] auto_start finished; status="服务器运行中"
[08-05 13:09:15] icon init: AppUserModelID set before Tk to NavEditor.App.FixedIcon.20260805
[08-05 13:09:15] icon init: _base=C:\Users\29773\Downloads\备份\NavEditor _ico_path=C:\Users\29773\Downloads\备份\NavEditor\app_icon.ico exists=True
[08-05 13:09:15] icon init: iconbitmap OK
[08-05 13:09:15] _fix_taskbar_icon: done big=131928065 small=232655939
[08-05 13:09:15] __init__ start; frozen=False theme=light
[08-05 13:09:16] __init__ done; auto_start scheduled in 60000ms
[08-05 13:09:16] _fix_taskbar_icon: done big=271191973 small=135924107
[08-05 13:09:40] icon init: AppUserModelID set before Tk to NavEditor.App.FixedIcon.20260805
[08-05 13:09:40] icon init: _base=C:\Users\29773\AppData\Local\Temp\_MEI342482 _ico_path=C:\Users\29773\AppData\Local\Temp\_MEI342482\app_icon.ico exists=True
[08-05 13:09:40] icon init: iconbitmap OK
[08-05 13:09:40] _fix_taskbar_icon: done big=128780691 small=98700195
[08-05 13:09:40] __init__ start; frozen=True theme=light
[08-05 13:09:41] __init__ done; auto_start scheduled in 100ms
[08-05 13:09:41] mainloop starting
[08-05 13:09:41] auto_start triggered; httpd_already=False
[08-05 13:09:42] _fix_taskbar_icon: done big=96207729 small=131401333
[08-05 13:09:42] start_server: begin; bind=127.0.0.1 project_dir=C:\Users\29773\Downloads\备份\NavEditor
[08-05 13:09:43] start_server: step3 trying candidates [9620, 9527, 9528, 9529, 9530, 9531]
[08-05 13:09:43] start_server: bind attempt on port 9620
[08-05 13:09:43] start_server: TCP probe 127.0.0.1:9620 attempt 1
[08-05 13:09:43] start_server: TCP ok on port 9620
[08-05 13:09:43] start_server: HTTP probe http://127.0.0.1:9620/editor.html
[08-05 13:09:43] start_server: HTTP probe failed on port 9620: timed out
[08-05 13:09:43] start_server: STARTED on port 9620 (TCP ok, HTTP verify skipped)
[08-05 13:09:43] start_server: success; ACTUAL_PORT=9620
[08-05 13:09:44] _fix_taskbar_icon: done big=58330597 small=361959287
[08-05 13:09:44] auto_start finished; status="服务器运行中"
[08-05 13:10:13] icon init: AppUserModelID set before Tk to NavEditor.App.FixedIcon.20260805
[08-05 13:10:14] icon init: _base=C:\Users\29773\AppData\Local\Temp\_MEI373522 _ico_path=C:\Users\29773\AppData\Local\Temp\_MEI373522\app_icon.ico exists=True
[08-05 13:10:14] icon init: iconbitmap OK
[08-05 13:10:14] _fix_taskbar_icon: done big=286395955 small=89985187
[08-05 13:10:14] __init__ start; frozen=True theme=light
[08-05 13:10:15] __init__ done; auto_start scheduled in 100ms
[08-05 13:10:15] mainloop starting
[08-05 13:10:15] auto_start triggered; httpd_already=False
[08-05 13:10:15] _fix_taskbar_icon: done big=4262607 small=52364101
[08-05 13:10:15] start_server: begin; bind=127.0.0.1 project_dir=C:\Users\29773\Downloads\备份\NavEditor
[08-05 13:10:16] start_server: step3 trying candidates [9620, 9527, 9528, 9529, 9530, 9531]
[08-05 13:10:16] start_server: bind attempt on port 9620
[08-05 13:10:16] start_server: TCP probe 127.0.0.1:9620 attempt 1
[08-05 13:10:16] start_server: TCP ok on port 9620
[08-05 13:10:16] start_server: HTTP probe http://127.0.0.1:9620/editor.html
[08-05 13:10:17] start_server: HTTP probe failed on port 9620: timed out
[08-05 13:10:17] start_server: STARTED on port 9620 (TCP ok, HTTP verify skipped)
[08-05 13:10:17] start_server: success; ACTUAL_PORT=9620
[08-05 13:10:17] _fix_taskbar_icon: done big=139068175 small=139660931
[08-05 13:10:17] auto_start finished; status="服务器运行中"
[08-05 13:12:56] icon init: AppUserModelID set before Tk to NavEditor.App.FixedIcon.20260805
[08-05 13:12:56] icon init: _base=C:\Users\29773\Downloads\备份\NavEditor _ico_path=C:\Users\29773\Downloads\备份\NavEditor\app_icon.ico exists=True
[08-05 13:12:56] icon init: iconbitmap OK
[08-05 13:12:56] _fix_taskbar_icon: done big=406129835 small=426839693
[08-05 13:12:56] __init__ start; frozen=False theme=light
[08-05 13:12:57] __init__ done; auto_start scheduled in 60000ms
[08-05 13:12:57] _fix_taskbar_icon: done big=382665437 small=313724423
[08-05 13:13:36] icon init: AppUserModelID set before Tk to NavEditor.App.FixedIcon.20260805
[08-05 13:13:36] icon init: _base=C:\Users\29773\AppData\Local\Temp\_MEI62442 _ico_path=C:\Users\29773\AppData\Local\Temp\_MEI62442\app_icon.ico exists=True
[08-05 13:13:36] icon init: iconbitmap OK
[08-05 13:13:36] _fix_taskbar_icon: done big=326503875 small=106300431
[08-05 13:13:36] __init__ start; frozen=True theme=light
[08-05 13:13:37] __init__ done; auto_start scheduled in 100ms
[08-05 13:13:37] mainloop starting
[08-05 13:13:37] auto_start triggered; httpd_already=False
[08-05 13:13:38] _fix_taskbar_icon: done big=97586683 small=335545403
[08-05 13:13:38] start_server: begin; bind=127.0.0.1 project_dir=C:\Users\29773\Downloads\备份\NavEditor
[08-05 13:13:39] start_server: step3 trying candidates [9620, 9527, 9528, 9529, 9530, 9531]
[08-05 13:13:39] start_server: bind attempt on port 9620
[08-05 13:13:39] start_server: TCP probe 127.0.0.1:9620 attempt 1
[08-05 13:13:39] start_server: TCP ok on port 9620
[08-05 13:13:39] start_server: HTTP probe http://127.0.0.1:9620/editor.html
[08-05 13:13:39] start_server: HTTP probe failed on port 9620: timed out
[08-05 13:13:39] start_server: STARTED on port 9620 (TCP ok, HTTP verify skipped)
[08-05 13:13:39] start_server: success; ACTUAL_PORT=9620
[08-05 13:13:39] _fix_taskbar_icon: done big=9179271 small=101977257
[08-05 13:13:40] auto_start finished; status="服务器运行中"
[08-05 13:14:56] icon init: AppUserModelID set before Tk to NavEditor.App.FixedIcon.20260805
[08-05 13:14:56] icon init: _base=C:\Users\29773\Downloads\备份\NavEditor _ico_path=C:\Users\29773\Downloads\备份\NavEditor\app_icon.ico exists=True
[08-05 13:14:56] icon init: iconbitmap OK
[08-05 13:14:56] _fix_taskbar_icon: done big=123733027 small=120065665
[08-05 13:14:56] __init__ start; frozen=False theme=light
[08-05 13:14:57] __init__ done; auto_start scheduled in 60000ms
[08-05 13:14:58] _fix_taskbar_icon: done big=45617155 small=383058653
[08-05 13:17:56] icon init: AppUserModelID set before Tk to NavEditor.App.FixedIcon.20260805
[08-05 13:17:56] icon init: _base=C:\Users\29773\AppData\Local\Temp\_MEI284602 _ico_path=C:\Users\29773\AppData\Local\Temp\_MEI284602\app_icon.ico exists=True
[08-05 13:17:56] icon init: iconbitmap OK
[08-05 13:17:56] _fix_taskbar_icon: done big=6687369 small=46993539
[08-05 13:17:56] __init__ start; frozen=True theme=light
[08-05 13:17:57] __init__ done; auto_start scheduled in 100ms
[08-05 13:17:57] mainloop starting
[08-05 13:17:57] auto_start triggered; httpd_already=False
[08-05 13:17:57] _fix_taskbar_icon: done big=426052639 small=419368769
[08-05 13:17:57] start_server: begin; bind=127.0.0.1 project_dir=C:\Users\29773\Downloads\备份\NavEditor
[08-05 13:17:58] start_server: step3 trying candidates [9620, 9527, 9528, 9529, 9530, 9531]
[08-05 13:17:58] start_server: bind attempt on port 9620
[08-05 13:17:58] start_server: TCP probe 127.0.0.1:9620 attempt 1
[08-05 13:17:58] start_server: TCP ok on port 9620
[08-05 13:17:58] start_server: HTTP probe http://127.0.0.1:9620/editor.html
[08-05 13:17:59] start_server: HTTP probe failed on port 9620: timed out
[08-05 13:17:59] start_server: STARTED on port 9620 (TCP ok, HTTP verify skipped)
[08-05 13:17:59] start_server: success; ACTUAL_PORT=9620
[08-05 13:17:59] _fix_taskbar_icon: done big=118623139 small=130681235
[08-05 13:17:59] auto_start finished; status="服务器运行中"
[08-05 13:21:45] icon init: AppUserModelID set before Tk to NavEditor.App.FixedIcon.20260805
[08-05 13:21:45] icon init: _base=C:\Users\29773\Downloads\备份\NavEditor _ico_path=C:\Users\29773\Downloads\备份\NavEditor\app_icon.ico exists=True
[08-05 13:21:45] icon init: iconbitmap OK
[08-05 13:21:45] _fix_taskbar_icon: done big=186191457 small=42799413
[08-05 13:21:45] __init__ start; frozen=False theme=light
[08-05 13:21:46] __init__ done; auto_start scheduled in 60000ms
[08-05 13:21:46] _fix_taskbar_icon: done big=15470799 small=98832011
[08-05 13:22:55] icon init: AppUserModelID set before Tk to NavEditor.App.FixedIcon.20260805
[08-05 13:22:55] icon init: _base=C:\Users\29773\AppData\Local\Temp\_MEI301082 _ico_path=C:\Users\29773\AppData\Local\Temp\_MEI301082\app_icon.ico exists=True
[08-05 13:22:55] icon init: iconbitmap OK
[08-05 13:22:55] _fix_taskbar_icon: done big=557974787 small=606080619
[08-05 13:22:55] __init__ start; frozen=True theme=light
[08-05 13:22:56] __init__ done; auto_start scheduled in 100ms
[08-05 13:22:56] mainloop starting
[08-05 13:22:56] auto_start triggered; httpd_already=False
[08-05 13:22:57] _fix_taskbar_icon: done big=283643827 small=289214003
[08-05 13:22:57] start_server: begin; bind=127.0.0.1 project_dir=C:\Users\29773\Downloads\备份\NavEditor
[08-05 13:22:57] start_server: step3 trying candidates [9620, 9527, 9528, 9529, 9530, 9531]
[08-05 13:22:58] start_server: bind attempt on port 9620
[08-05 13:22:58] start_server: TCP probe 127.0.0.1:9620 attempt 1
[08-05 13:22:58] start_server: TCP ok on port 9620
[08-05 13:22:58] start_server: HTTP probe http://127.0.0.1:9620/editor.html
[08-05 13:22:58] start_server: HTTP probe failed on port 9620: timed out
[08-05 13:22:58] start_server: STARTED on port 9620 (TCP ok, HTTP verify skipped)
[08-05 13:22:58] start_server: success; ACTUAL_PORT=9620
[08-05 13:22:58] _fix_taskbar_icon: done big=216403125 small=121635791
[08-05 13:22:59] auto_start finished; status="服务器运行中"
[08-05 13:28:30] icon init: AppUserModelID set before Tk to NavEditor.App.FixedIcon.20260805
[08-05 13:28:30] icon init: _base=C:\Users\29773\Downloads\备份\NavEditor _ico_path=C:\Users\29773\Downloads\备份\NavEditor\app_icon.ico exists=True
[08-05 13:28:30] icon init: iconbitmap OK
[08-05 13:28:30] _fix_taskbar_icon: done big=10029081 small=84872969
[08-05 13:28:30] __init__ start; frozen=False theme=light
[08-05 13:28:31] __init__ done; auto_start scheduled in 60000ms
[08-05 13:28:32] _fix_taskbar_icon: done big=266741 small=70147
[08-05 13:28:33] _fix_taskbar_icon: done big=106303639 small=70161
[08-05 13:38:29] icon init: AppUserModelID set before Tk to NavEditor.App.FixedIcon.20260805
[08-05 13:38:29] icon init: _base=C:\Users\29773\Downloads\备份\NavEditor _ico_path=C:\Users\29773\Downloads\备份\NavEditor\app_icon.ico exists=True
[08-05 13:38:29] icon init: iconbitmap OK
[08-05 13:38:29] _fix_taskbar_icon: done big=156372495 small=33493601
[08-05 13:38:29] __init__ start; frozen=False theme=light
[08-05 13:38:31] __init__ done; auto_start scheduled in 60000ms
[08-05 13:38:32] _fix_taskbar_icon: done big=18485705 small=121572827
[08-05 13:39:03] icon init: AppUserModelID set before Tk to NavEditor.App.FixedIcon.20260805
[08-05 13:39:03] icon init: _base=C:\Users\29773\AppData\Local\Temp\_MEI388882 _ico_path=C:\Users\29773\AppData\Local\Temp\_MEI388882\app_icon.ico exists=True
[08-05 13:39:03] icon init: iconbitmap OK
[08-05 13:39:04] _fix_taskbar_icon: done big=262932423 small=67176481
[08-05 13:39:04] __init__ start; frozen=True theme=light
[08-05 13:39:04] __init__ done; auto_start scheduled in 100ms
[08-05 13:39:04] mainloop starting
[08-05 13:39:05] auto_start triggered; httpd_already=False
[08-05 13:39:05] _fix_taskbar_icon: done big=19796547 small=18747577
[08-05 13:39:05] start_server: begin; bind=127.0.0.1 project_dir=C:\Users\29773\Downloads\备份\NavEditor
[08-05 13:39:06] start_server: step3 trying candidates [9620, 9527, 9528, 9529, 9530, 9531]
[08-05 13:39:06] start_server: bind attempt on port 9620
[08-05 13:39:06] start_server: TCP probe 127.0.0.1:9620 attempt 1
[08-05 13:39:06] start_server: TCP ok on port 9620
[08-05 13:39:06] start_server: HTTP probe http://127.0.0.1:9620/editor.html
[08-05 13:39:07] start_server: HTTP probe failed on port 9620: timed out
[08-05 13:39:07] start_server: STARTED on port 9620 (TCP ok, HTTP verify skipped)
[08-05 13:39:07] start_server: success; ACTUAL_PORT=9620
[08-05 13:39:07] _fix_taskbar_icon: done big=52760715 small=29561245
[08-05 13:39:07] auto_start finished; status="服务器运行中"
[08-05 13:39:27] icon init: AppUserModelID set before Tk to NavEditor.App.FixedIcon.20260805
[08-05 13:39:27] icon init: _base=C:\Users\29773\Downloads\备份\NavEditor _ico_path=C:\Users\29773\Downloads\备份\NavEditor\app_icon.ico exists=True
[08-05 13:39:27] icon init: iconbitmap OK
[08-05 13:39:28] _fix_taskbar_icon: done big=725343 small=70005
[08-05 13:39:28] __init__ start; frozen=False theme=light
[08-05 13:39:30] __init__ done; auto_start scheduled in 60000ms
[08-05 13:39:31] _fix_taskbar_icon: done big=107744003 small=1118577
[08-05 13:39:32] _fix_taskbar_icon: done big=135531 small=3936703
[08-05 13:39:48] icon init: AppUserModelID set before Tk to NavEditor.App.FixedIcon.20260805
[08-05 13:39:49] icon init: _base=C:\Users\29773\Downloads\备份\NavEditor _ico_path=C:\Users\29773\Downloads\备份\NavEditor\app_icon.ico exists=True
[08-05 13:39:49] icon init: iconbitmap OK
[08-05 13:39:49] _fix_taskbar_icon: done big=61870605 small=58919631
[08-05 13:39:49] __init__ start; frozen=False theme=light
[08-05 13:39:50] __init__ done; auto_start scheduled in 60000ms
[08-05 13:39:50] _fix_taskbar_icon: done big=560989443 small=4526527
[08-05 13:39:51] _fix_taskbar_icon: done big=19468727 small=7082301
[08-05 14:21:42] icon init: AppUserModelID set before Tk to NavEditor.App.FixedIcon.20260805
[08-05 14:21:42] icon init: _base=C:\Users\29773\Downloads\备份\NavEditor _ico_path=C:\Users\29773\Downloads\备份\NavEditor\app_icon.ico exists=True
[08-05 14:21:42] icon init: iconbitmap OK
[08-05 14:21:43] _fix_taskbar_icon: done big=110039401 small=288557659
[08-05 14:21:43] __init__ start; frozen=False theme=light
[08-05 14:21:44] __init__ done; auto_start scheduled in 60000ms
[08-05 14:21:44] _fix_taskbar_icon: done big=317263505 small=203362681
[08-05 14:22:20] icon init: AppUserModelID set before Tk to NavEditor.App.FixedIcon.20260805
[08-05 14:22:21] icon init: _base=C:\Users\29773\AppData\Local\Temp\_MEI428762 _ico_path=C:\Users\29773\AppData\Local\Temp\_MEI428762\app_icon.ico exists=True
[08-05 14:22:21] icon init: iconbitmap OK
[08-05 14:22:21] _fix_taskbar_icon: done big=45224527 small=129438301
[08-05 14:22:21] __init__ start; frozen=True theme=light
[08-05 14:22:22] __init__ done; auto_start scheduled in 100ms
[08-05 14:22:22] mainloop starting
[08-05 14:22:22] auto_start triggered; httpd_already=False
[08-05 14:22:22] _fix_taskbar_icon: done big=126093685 small=65275241
[08-05 14:22:22] start_server: begin; bind=127.0.0.1 project_dir=C:\Users\29773\Downloads\备份\NavEditor
[08-05 14:22:23] start_server: step3 trying candidates [9620, 9527, 9528, 9529, 9530, 9531]
[08-05 14:22:23] start_server: bind attempt on port 9620
[08-05 14:22:23] start_server: TCP probe 127.0.0.1:9620 attempt 1
[08-05 14:22:23] start_server: TCP ok on port 9620
[08-05 14:22:23] start_server: HTTP probe http://127.0.0.1:9620/editor.html
[08-05 14:22:23] start_server: HTTP probe failed on port 9620: timed out
[08-05 14:22:23] start_server: STARTED on port 9620 (TCP ok, HTTP verify skipped)
[08-05 14:22:23] start_server: success; ACTUAL_PORT=9620
[08-05 14:22:23] _fix_taskbar_icon: done big=321786029 small=263129031
[08-05 14:22:24] auto_start finished; status="服务器运行中"
[08-05 14:22:43] icon init: AppUserModelID set before Tk to NavEditor.App.FixedIcon.20260805
[08-05 14:22:43] icon init: _base=C:\Users\29773\Downloads\备份\NavEditor _ico_path=C:\Users\29773\Downloads\备份\NavEditor\app_icon.ico exists=True
[08-05 14:22:43] icon init: iconbitmap OK
[08-05 14:22:43] _fix_taskbar_icon: done big=10949079 small=279710309
[08-05 14:22:43] __init__ start; frozen=False theme=light
[08-05 14:22:44] __init__ done; auto_start scheduled in 60000ms
[08-05 14:22:44] _fix_taskbar_icon: done big=137630111 small=40636837
[08-05 14:22:46] _fix_taskbar_icon: done big=463733935 small=42668547
[08-05 14:24:29] icon init: AppUserModelID set before Tk to NavEditor.App.FixedIcon.20260805
[08-05 14:24:29] icon init: _base=C:\Users\29773\AppData\Local\Temp\_MEI371322 _ico_path=C:\Users\29773\AppData\Local\Temp\_MEI371322\app_icon.ico exists=True
[08-05 14:24:29] icon init: iconbitmap OK
[08-05 14:24:29] _fix_taskbar_icon: done big=132056693 small=118952363
[08-05 14:24:29] __init__ start; frozen=True theme=light
[08-05 14:24:30] __init__ done; auto_start scheduled in 60000ms
[08-05 14:24:30] mainloop starting
[08-05 14:24:31] _fix_taskbar_icon: done big=73600851 small=108726307
[08-05 14:24:31] _fix_taskbar_icon: done big=524684913 small=42013085
[08-05 14:25:18] icon init: AppUserModelID set before Tk to NavEditor.App.FixedIcon.20260805
[08-05 14:25:18] icon init: _base=C:\Users\29773\AppData\Local\Temp\_MEI41762 _ico_path=C:\Users\29773\AppData\Local\Temp\_MEI41762\app_icon.ico exists=True
[08-05 14:25:18] icon init: iconbitmap OK
[08-05 14:25:18] _fix_taskbar_icon: done big=135991901 small=159387857
[08-05 14:25:18] __init__ start; frozen=True theme=light
[08-05 14:25:19] __init__ done; auto_start scheduled in 100ms
[08-05 14:25:19] mainloop starting
[08-05 14:25:19] auto_start triggered; httpd_already=False
[08-05 14:25:20] _fix_taskbar_icon: done big=118100333 small=144052697
[08-05 14:25:20] start_server: begin; bind=127.0.0.1 project_dir=C:\Users\29773\Downloads\备份\NavEditor
[08-05 14:25:21] start_server: step3 trying candidates [9620, 9527, 9528, 9529, 9530, 9531]
[08-05 14:25:21] start_server: bind attempt on port 9620
[08-05 14:25:21] start_server: TCP probe 127.0.0.1:9620 attempt 1
[08-05 14:25:21] start_server: TCP ok on port 9620
[08-05 14:25:21] start_server: HTTP probe http://127.0.0.1:9620/editor.html
[08-05 14:25:21] start_server: HTTP probe failed on port 9620: timed out
[08-05 14:25:21] start_server: STARTED on port 9620 (TCP ok, HTTP verify skipped)
[08-05 14:25:21] start_server: success; ACTUAL_PORT=9620
[08-05 14:25:21] _fix_taskbar_icon: done big=708642995 small=324604077
[08-05 14:25:22] auto_start finished; status="服务器运行中"
[08-05 14:29:35] icon init: AppUserModelID set before Tk to NavEditor.App.FixedIcon.20260805
[08-05 14:29:35] icon init: _base=C:\Users\29773\Downloads\备份\NavEditor _ico_path=C:\Users\29773\Downloads\备份\NavEditor\app_icon.ico exists=True
[08-05 14:29:35] icon init: iconbitmap OK
[08-05 14:29:35] _fix_taskbar_icon: done big=5247363 small=36442709
[08-05 14:29:35] __init__ start; frozen=False theme=light
[08-05 14:29:37] __init__ done; auto_start scheduled in 60000ms
[08-05 14:29:38] _fix_taskbar_icon: done big=70349 small=70351
[08-05 14:29:51] icon init: AppUserModelID set before Tk to NavEditor.App.FixedIcon.20260805
[08-05 14:29:51] icon init: _base=C:\Users\29773\Downloads\备份\NavEditor _ico_path=C:\Users\29773\Downloads\备份\NavEditor\app_icon.ico exists=True
[08-05 14:29:51] icon init: iconbitmap OK
[08-05 14:29:51] _fix_taskbar_icon: done big=129894569 small=211750531
[08-05 14:29:51] __init__ start; frozen=False theme=light
[08-05 14:29:52] __init__ done; auto_start scheduled in 60000ms
[08-05 14:29:53] _fix_taskbar_icon: done big=323096499 small=40964291
[08-05 14:30:03] icon init: AppUserModelID set before Tk to NavEditor.App.FixedIcon.20260805
[08-05 14:30:03] icon init: _base=C:\Users\29773\Downloads\备份\NavEditor _ico_path=C:\Users\29773\Downloads\备份\NavEditor\app_icon.ico exists=True
[08-05 14:30:03] icon init: iconbitmap OK
[08-05 14:30:03] _fix_taskbar_icon: done big=278466877 small=266963
[08-05 14:30:03] __init__ start; frozen=False theme=light
[08-05 14:30:04] __init__ done; auto_start scheduled in 60000ms
[08-05 14:30:04] _fix_taskbar_icon: done big=248512733 small=36898003
[08-05 14:30:16] icon init: AppUserModelID set before Tk to NavEditor.App.FixedIcon.20260805
[08-05 14:30:17] icon init: _base=C:\Users\29773\Downloads\备份\NavEditor _ico_path=C:\Users\29773\Downloads\备份\NavEditor\app_icon.ico exists=True
[08-05 14:30:17] icon init: iconbitmap OK
[08-05 14:30:17] _fix_taskbar_icon: done big=480251453 small=2429301
[08-05 14:30:17] __init__ start; frozen=False theme=light
[08-05 14:30:18] __init__ done; auto_start scheduled in 60000ms
[08-05 14:30:18] _fix_taskbar_icon: done big=332796337 small=242617367
[08-05 14:30:28] icon init: AppUserModelID set before Tk to NavEditor.App.FixedIcon.20260805
[08-05 14:30:29] icon init: _base=C:\Users\29773\Downloads\备份\NavEditor _ico_path=C:\Users\29773\Downloads\备份\NavEditor\app_icon.ico exists=True
[08-05 14:30:29] icon init: iconbitmap OK
[08-05 14:30:29] _fix_taskbar_icon: done big=99488069 small=289538831
[08-05 14:30:29] __init__ start; frozen=False theme=light
[08-05 14:30:30] __init__ done; auto_start scheduled in 60000ms
[08-05 14:30:30] _fix_taskbar_icon: done big=223219571 small=5247429
[08-05 14:31:08] icon init: AppUserModelID set before Tk to NavEditor.App.FixedIcon.20260805
[08-05 14:31:08] icon init: _base=C:\Users\29773\Downloads\备份\NavEditor _ico_path=C:\Users\29773\Downloads\备份\NavEditor\app_icon.ico exists=True
[08-05 14:31:08] icon init: iconbitmap OK
[08-05 14:31:08] _fix_taskbar_icon: done big=31134215 small=5509573
[08-05 14:31:08] __init__ start; frozen=False theme=light
[08-05 14:31:09] __init__ done; auto_start scheduled in 60000ms
[08-05 14:31:10] _fix_taskbar_icon: done big=278661891 small=403049763
[08-05 14:31:21] icon init: AppUserModelID set before Tk to NavEditor.App.FixedIcon.20260805
[08-05 14:31:21] icon init: _base=C:\Users\29773\Downloads\备份\NavEditor _ico_path=C:\Users\29773\Downloads\备份\NavEditor\app_icon.ico exists=True
[08-05 14:31:21] icon init: iconbitmap OK
[08-05 14:31:21] _fix_taskbar_icon: done big=254218561 small=31724039
[08-05 14:31:21] __init__ start; frozen=False theme=light
[08-05 14:31:22] __init__ done; auto_start scheduled in 60000ms
[08-05 14:31:23] _fix_taskbar_icon: done big=317983811 small=13177303
[08-05 14:31:52] icon init: AppUserModelID set before Tk to NavEditor.App.FixedIcon.20260805
[08-05 14:31:52] icon init: _base=C:\Users\29773\AppData\Local\Temp\_MEI25362 _ico_path=C:\Users\29773\AppData\Local\Temp\_MEI25362\app_icon.ico exists=True
[08-05 14:31:52] icon init: iconbitmap OK
[08-05 14:31:52] _fix_taskbar_icon: done big=156369737 small=118296941
[08-05 14:31:52] __init__ start; frozen=True theme=light
[08-05 14:31:53] __init__ done; auto_start scheduled in 100ms
[08-05 14:31:53] mainloop starting
[08-05 14:31:53] auto_start triggered; httpd_already=False
[08-05 14:31:54] _fix_taskbar_icon: done big=189009357 small=469175747
[08-05 14:31:54] start_server: begin; bind=127.0.0.1 project_dir=C:\Users\29773\Downloads\备份\NavEditor
[08-05 14:31:55] start_server: step3 trying candidates [9620, 9527, 9528, 9529, 9530, 9531]
[08-05 14:31:55] start_server: bind attempt on port 9620
[08-05 14:31:55] start_server: TCP probe 127.0.0.1:9620 attempt 1
[08-05 14:31:55] start_server: TCP ok on port 9620
[08-05 14:31:55] start_server: HTTP probe http://127.0.0.1:9620/editor.html
[08-05 14:31:55] start_server: HTTP probe failed on port 9620: timed out
[08-05 14:31:55] start_server: STARTED on port 9620 (TCP ok, HTTP verify skipped)
[08-05 14:31:55] start_server: success; ACTUAL_PORT=9620
[08-05 14:31:55] _fix_taskbar_icon: done big=124981367 small=697568969
[08-05 14:31:56] auto_start finished; status="服务器运行中"
[08-05 14:32:44] icon init: AppUserModelID set before Tk to NavEditor.App.FixedIcon.20260805
[08-05 14:32:44] icon init: _base=C:\Users\29773\Downloads\备份\NavEditor _ico_path=C:\Users\29773\Downloads\备份\NavEditor\app_icon.ico exists=True
[08-05 14:32:44] icon init: iconbitmap OK
[08-05 14:32:44] _fix_taskbar_icon: done big=86315617 small=70411
[08-05 14:32:44] __init__ start; frozen=False theme=light
[08-05 14:32:46] __init__ done; auto_start scheduled in 60000ms
[08-05 14:32:47] _fix_taskbar_icon: done big=135979 small=156107727
[08-05 14:32:48] _fix_taskbar_icon: done big=332537 small=322309049
[08-05 14:33:26] icon init: AppUserModelID set before Tk to NavEditor.App.FixedIcon.20260805
[08-05 14:33:26] icon init: _base=C:\Users\29773\Downloads\备份\NavEditor _ico_path=C:\Users\29773\Downloads\备份\NavEditor\app_icon.ico exists=True
[08-05 14:33:26] icon init: iconbitmap OK
[08-05 14:33:26] _fix_taskbar_icon: done big=89919909 small=58921099
[08-05 14:33:26] __init__ start; frozen=False theme=light
[08-05 14:33:27] __init__ done; auto_start scheduled in 60000ms
[08-05 14:33:27] _fix_taskbar_icon: done big=660235 small=326242477
[08-05 14:33:28] _fix_taskbar_icon: done big=463609 small=143133067
[08-05 14:51:23] icon init: AppUserModelID set before Tk to NavEditor.App.FixedIcon.20260805
[08-05 14:51:23] icon init: _base=C:\Users\29773\Downloads\备份\NavEditor _ico_path=C:\Users\29773\Downloads\备份\NavEditor\app_icon.ico exists=True
[08-05 14:51:23] icon init: iconbitmap OK
[08-05 14:51:23] _fix_taskbar_icon: done big=17502999 small=122292249
[08-05 14:51:23] __init__ start; frozen=False theme=light
[08-05 14:51:24] __init__ done; auto_start scheduled in 60000ms
[08-05 14:51:25] _fix_taskbar_icon: done big=114822813 small=406523171
[08-05 14:52:00] icon init: AppUserModelID set before Tk to NavEditor.App.FixedIcon.20260805
[08-05 14:52:00] icon init: _base=C:\Users\29773\AppData\Local\Temp\_MEI427962 _ico_path=C:\Users\29773\AppData\Local\Temp\_MEI427962\app_icon.ico exists=True
[08-05 14:52:00] icon init: iconbitmap OK
[08-05 14:52:00] _fix_taskbar_icon: done big=108924745 small=85854815
[08-05 14:52:00] __init__ start; frozen=True theme=light
[08-05 14:52:01] __init__ done; auto_start scheduled in 100ms
[08-05 14:52:01] mainloop starting
[08-05 14:52:01] auto_start triggered; httpd_already=False
[08-05 14:52:02] _fix_taskbar_icon: done big=181404687 small=138020591
[08-05 14:52:02] start_server: begin; bind=127.0.0.1 project_dir=C:\Users\29773\Downloads\备份\NavEditor
[08-05 14:52:02] start_server: step3 trying candidates [9620, 9527, 9528, 9529, 9530, 9531]
[08-05 14:52:03] start_server: bind attempt on port 9620
[08-05 14:52:03] start_server: TCP probe 127.0.0.1:9620 attempt 1
[08-05 14:52:03] start_server: TCP ok on port 9620
[08-05 14:52:03] start_server: HTTP probe http://127.0.0.1:9620/editor.html
[08-05 14:52:03] start_server: HTTP probe failed on port 9620: timed out
[08-05 14:52:03] start_server: STARTED on port 9620 (TCP ok, HTTP verify skipped)
[08-05 14:52:03] start_server: success; ACTUAL_PORT=9620
[08-05 14:52:03] _fix_taskbar_icon: done big=450104933 small=168038709
[08-05 14:52:03] auto_start finished; status="服务器运行中"
[08-05 14:57:49] icon init: AppUserModelID set before Tk to NavEditor.App.FixedIcon.20260805
[08-05 14:57:49] icon init: _base=C:\Users\29773\AppData\Local\Temp\_MEI272242 _ico_path=C:\Users\29773\AppData\Local\Temp\_MEI272242\app_icon.ico exists=True
[08-05 14:57:49] icon init: iconbitmap OK
[08-05 14:57:49] _fix_taskbar_icon: done big=51974677 small=28906193
[08-05 14:57:49] __init__ start; frozen=True theme=light
[08-05 14:57:50] __init__ done; auto_start scheduled in 100ms
[08-05 14:57:50] mainloop starting
[08-05 14:57:50] auto_start triggered; httpd_already=False
[08-05 14:57:50] _fix_taskbar_icon: done big=131142201 small=74714963
[08-05 14:57:50] start_server: begin; bind=127.0.0.1 project_dir=C:\Users\29773\Downloads\备份\NavEditor
[08-05 14:57:51] start_server: step3 trying candidates [9620, 9527, 9528, 9529, 9530, 9531]
[08-05 14:57:51] start_server: bind attempt on port 9620
[08-05 14:57:51] start_server: TCP probe 127.0.0.1:9620 attempt 1
[08-05 14:57:51] start_server: TCP ok on port 9620
[08-05 14:57:51] start_server: HTTP probe http://127.0.0.1:9620/editor.html
[08-05 14:57:52] start_server: HTTP probe failed on port 9620: timed out
[08-05 14:57:52] start_server: STARTED on port 9620 (TCP ok, HTTP verify skipped)
[08-05 14:57:52] start_server: success; ACTUAL_PORT=9620
[08-05 14:57:52] _fix_taskbar_icon: done big=254019723 small=122295025
[08-05 14:57:53] auto_start finished; status="服务器运行中"
[08-05 15:01:07] icon init: AppUserModelID set before Tk to NavEditor.App.FixedIcon.20260805
[08-05 15:01:07] icon init: _base=C:\Users\29773\AppData\Local\Temp\_MEI358002 _ico_path=C:\Users\29773\AppData\Local\Temp\_MEI358002\app_icon.ico exists=True
[08-05 15:01:07] icon init: iconbitmap OK
[08-05 15:01:07] _fix_taskbar_icon: done big=414254305 small=126292087
[08-05 15:01:07] __init__ start; frozen=True theme=light
[08-05 15:01:10] __init__ done; auto_start scheduled in 100ms
[08-05 15:01:10] mainloop starting
[08-05 15:01:10] auto_start triggered; httpd_already=False
[08-05 15:01:10] _fix_taskbar_icon: done big=49877779 small=162075041
[08-05 15:01:10] start_server: begin; bind=127.0.0.1 project_dir=C:\Users\29773\Downloads\备份\NavEditor
[08-05 15:01:11] start_server: step3 trying candidates [9620, 9527, 9528, 9529, 9530, 9531]
[08-05 15:01:11] start_server: bind attempt on port 9620
[08-05 15:01:11] start_server: TCP probe 127.0.0.1:9620 attempt 1
[08-05 15:01:11] start_server: TCP ok on port 9620
[08-05 15:01:11] start_server: HTTP probe http://127.0.0.1:9620/editor.html
[08-05 15:01:12] start_server: HTTP probe failed on port 9620: timed out
[08-05 15:01:12] start_server: STARTED on port 9620 (TCP ok, HTTP verify skipped)
[08-05 15:01:12] start_server: success; ACTUAL_PORT=9620
[08-05 15:01:12] _fix_taskbar_icon: done big=283053939 small=266274999
[08-05 15:01:12] auto_start finished; status="服务器运行中"
[08-05 15:14:01] icon init: AppUserModelID set before Tk to NavEditor.App.FixedIcon.20260805
[08-05 15:14:01] icon init: _base=C:\Users\29773\Downloads\备份\NavEditor _ico_path=C:\Users\29773\Downloads\备份\NavEditor\app_icon.ico exists=True
[08-05 15:14:01] icon init: iconbitmap OK
[08-05 15:14:01] _fix_taskbar_icon: done big=287246949 small=36901581
[08-05 15:14:01] __init__ start; frozen=False theme=light
[08-05 15:14:02] __init__ done; auto_start scheduled in 60000ms
[08-05 15:14:03] _fix_taskbar_icon: done big=446303081 small=329322177
[08-05 15:14:30] icon init: AppUserModelID set before Tk to NavEditor.App.FixedIcon.20260805
[08-05 15:14:30] icon init: _base=C:\Users\29773\AppData\Local\Temp\_MEI284642 _ico_path=C:\Users\29773\AppData\Local\Temp\_MEI284642\app_icon.ico exists=True
[08-05 15:14:30] icon init: iconbitmap OK
[08-05 15:14:31] _fix_taskbar_icon: done big=433261945 small=299502615
[08-05 15:14:31] __init__ start; frozen=True theme=light
[08-05 15:14:32] __init__ done; auto_start scheduled in 100ms
[08-05 15:14:32] mainloop starting
[08-05 15:14:32] auto_start triggered; httpd_already=False
[08-05 15:14:32] _fix_taskbar_icon: done big=354685245 small=48894713
[08-05 15:14:32] start_server: begin; bind=127.0.0.1 project_dir=C:\Users\29773\Downloads\备份\NavEditor
[08-05 15:14:33] start_server: step3 trying candidates [9620, 9527, 9528, 9529, 9530, 9531]
[08-05 15:14:33] start_server: bind attempt on port 9620
[08-05 15:14:33] start_server: TCP probe 127.0.0.1:9620 attempt 1
[08-05 15:14:33] start_server: TCP ok on port 9620
[08-05 15:14:33] start_server: HTTP probe http://127.0.0.1:9620/editor.html
[08-05 15:14:34] start_server: HTTP probe failed on port 9620: timed out
[08-05 15:14:34] start_server: STARTED on port 9620 (TCP ok, HTTP verify skipped)
[08-05 15:14:34] start_server: success; ACTUAL_PORT=9620
[08-05 15:14:34] _fix_taskbar_icon: done big=104468901 small=95817867
[08-05 15:14:34] auto_start finished; status="服务器运行中"
[08-05 15:20:39] icon init: AppUserModelID set before Tk to NavEditor.App.FixedIcon.20260805
[08-05 15:20:39] icon init: _base=C:\Users\29773\Downloads\备份\NavEditor _ico_path=C:\Users\29773\Downloads\备份\NavEditor\app_icon.ico exists=True
[08-05 15:20:39] icon init: iconbitmap OK
[08-05 15:20:39] _fix_taskbar_icon: done big=93000435 small=73470723
[08-05 15:20:39] __init__ start; frozen=False theme=light
[08-05 15:20:40] __init__ done; auto_start scheduled in 60000ms
[08-05 15:20:41] _fix_taskbar_icon: done big=77532001 small=86840087
[08-05 15:21:15] icon init: AppUserModelID set before Tk to NavEditor.App.FixedIcon.20260805
[08-05 15:21:15] icon init: _base=C:\Users\29773\AppData\Local\Temp\_MEI425002 _ico_path=C:\Users\29773\AppData\Local\Temp\_MEI425002\app_icon.ico exists=True
[08-05 15:21:15] icon init: iconbitmap OK
[08-05 15:21:15] _fix_taskbar_icon: done big=96014475 small=452004713
[08-05 15:21:15] __init__ start; frozen=True theme=light
[08-05 15:21:16] __init__ done; auto_start scheduled in 100ms
[08-05 15:21:16] mainloop starting
[08-05 15:21:16] auto_start triggered; httpd_already=False
[08-05 15:21:16] _fix_taskbar_icon: done big=357699969 small=109842857
[08-05 15:21:17] start_server: begin; bind=127.0.0.1 project_dir=C:\Users\29773\Downloads\备份\NavEditor
[08-05 15:21:17] start_server: step3 trying candidates [9620, 9527, 9528, 9529, 9530, 9531]
[08-05 15:21:17] start_server: bind attempt on port 9620
[08-05 15:21:17] start_server: TCP probe 127.0.0.1:9620 attempt 1
[08-05 15:21:17] start_server: TCP ok on port 9620
[08-05 15:21:17] start_server: HTTP probe http://127.0.0.1:9620/editor.html
[08-05 15:21:18] start_server: HTTP probe failed on port 9620: timed out
[08-05 15:21:18] start_server: STARTED on port 9620 (TCP ok, HTTP verify skipped)
[08-05 15:21:18] start_server: success; ACTUAL_PORT=9620
[08-05 15:21:18] _fix_taskbar_icon: done big=259198561 small=337578357
[08-05 15:21:18] auto_start finished; status="服务器运行中"
[08-05 15:21:39] icon init: AppUserModelID set before Tk to NavEditor.App.FixedIcon.20260805
[08-05 15:21:39] icon init: _base=C:\Users\29773\Downloads\备份\NavEditor _ico_path=C:\Users\29773\Downloads\备份\NavEditor\app_icon.ico exists=True
[08-05 15:21:39] icon init: iconbitmap OK
[08-05 15:21:39] _fix_taskbar_icon: done big=121442499 small=220598579
[08-05 15:21:39] __init__ start; frozen=False theme=light
[08-05 15:21:41] __init__ done; auto_start scheduled in 60000ms
[08-05 15:21:41] _fix_taskbar_icon: done big=501615647 small=42865361
[08-05 15:21:42] _fix_taskbar_icon: done big=30083521 small=29102805
[08-05 15:22:44] icon init: AppUserModelID set before Tk to NavEditor.App.FixedIcon.20260805
[08-05 15:22:44] icon init: _base=C:\Users\29773\Downloads\备份\NavEditor _ico_path=C:\Users\29773\Downloads\备份\NavEditor\app_icon.ico exists=True
[08-05 15:22:44] icon init: iconbitmap OK
[08-05 15:22:44] _fix_taskbar_icon: done big=14291279 small=435359097
[08-05 15:22:44] __init__ start; frozen=False theme=light
[08-05 15:22:45] __init__ done; auto_start scheduled in 60000ms
[08-05 15:22:46] _fix_taskbar_icon: done big=237374369 small=67965503
[08-05 15:22:47] _fix_taskbar_icon: done big=184357469 small=205981593
[08-05 15:23:56] icon init: AppUserModelID set before Tk to NavEditor.App.FixedIcon.20260805
[08-05 15:23:56] icon init: _base=C:\Users\29773\AppData\Local\Temp\_MEI271642 _ico_path=C:\Users\29773\AppData\Local\Temp\_MEI271642\app_icon.ico exists=True
[08-05 15:23:56] icon init: iconbitmap OK
[08-05 15:23:56] _fix_taskbar_icon: done big=153421993 small=135074309
[08-05 15:23:56] __init__ start; frozen=True theme=dark
[08-05 15:23:57] __init__ done; auto_start scheduled in 100ms
[08-05 15:23:57] mainloop starting
[08-05 15:23:57] auto_start triggered; httpd_already=False
[08-05 15:23:58] _fix_taskbar_icon: done big=178260167 small=297339493
[08-05 15:23:58] start_server: begin; bind=127.0.0.1 project_dir=C:\Users\29773\Downloads\备份\NavEditor
[08-05 15:23:58] start_server: step3 trying candidates [9620, 9527, 9528, 9529, 9530, 9531]
[08-05 15:23:59] start_server: bind attempt on port 9620
[08-05 15:23:59] start_server: TCP probe 127.0.0.1:9620 attempt 1
[08-05 15:23:59] start_server: TCP ok on port 9620
[08-05 15:23:59] start_server: HTTP probe http://127.0.0.1:9620/editor.html
[08-05 15:23:59] start_server: HTTP probe failed on port 9620: timed out
[08-05 15:23:59] start_server: STARTED on port 9620 (TCP ok, HTTP verify skipped)
[08-05 15:23:59] start_server: success; ACTUAL_PORT=9620
[08-05 15:23:59] _fix_taskbar_icon: done big=283378703 small=8000223
[08-05 15:23:59] auto_start finished; status="服务器运行中"
[08-05 15:24:46] icon init: AppUserModelID set before Tk to NavEditor.App.FixedIcon.20260805
[08-05 15:24:46] icon init: _base=C:\Users\29773\AppData\Local\Temp\_MEI322402 _ico_path=C:\Users\29773\AppData\Local\Temp\_MEI322402\app_icon.ico exists=True
[08-05 15:24:46] icon init: iconbitmap OK
[08-05 15:24:46] _fix_taskbar_icon: done big=210047301 small=46076625
[08-05 15:24:46] __init__ start; frozen=True theme=dark
[08-05 15:24:48] __init__ done; auto_start scheduled in 100ms
[08-05 15:24:48] mainloop starting
[08-05 15:24:48] auto_start triggered; httpd_already=False
[08-05 15:24:49] _fix_taskbar_icon: done big=285215491 small=118820627
[08-05 15:24:49] start_server: begin; bind=127.0.0.1 project_dir=C:\Users\29773\Downloads\备份\NavEditor
[08-05 15:24:50] start_server: step3 trying candidates [9620, 9527, 9528, 9529, 9530, 9531]
[08-05 15:24:50] start_server: bind attempt on port 9620
[08-05 15:24:50] start_server: TCP probe 127.0.0.1:9620 attempt 1
[08-05 15:24:50] start_server: TCP ok on port 9620
[08-05 15:24:50] start_server: HTTP probe http://127.0.0.1:9620/editor.html
[08-05 15:24:50] start_server: HTTP probe failed on port 9620: timed out
[08-05 15:24:50] start_server: STARTED on port 9620 (TCP ok, HTTP verify skipped)
[08-05 15:24:50] start_server: success; ACTUAL_PORT=9620
[08-05 15:24:50] _fix_taskbar_icon: done big=529466427 small=180752201
[08-05 15:24:51] auto_start finished; status="服务器运行中"
[08-05 15:36:36] icon init: AppUserModelID set before Tk to NavEditor.App.FixedIcon.20260805
[08-05 15:36:36] icon init: _base=C:\Users\29773\AppData\Local\Temp\_MEI426562 _ico_path=C:\Users\29773\AppData\Local\Temp\_MEI426562\app_icon.ico exists=True
[08-05 15:36:36] icon init: iconbitmap OK
[08-05 15:36:36] _fix_taskbar_icon: done big=224596449 small=447352557
[08-05 15:36:36] __init__ start; frozen=True theme=dark
[08-05 15:36:39] __init__ done; auto_start scheduled in 100ms
[08-05 15:36:39] mainloop starting
[08-05 15:36:39] auto_start triggered; httpd_already=False
[08-05 15:36:39] _fix_taskbar_icon: done big=286984963 small=120787307
[08-05 15:36:39] start_server: begin; bind=127.0.0.1 project_dir=C:\Users\29773\Downloads\备份\NavEditor
[08-05 15:36:40] start_server: step3 trying candidates [9620, 9527, 9528, 9529, 9530, 9531]
[08-05 15:36:40] start_server: bind attempt on port 9620
[08-05 15:36:40] start_server: TCP probe 127.0.0.1:9620 attempt 1
[08-05 15:36:40] start_server: TCP ok on port 9620
[08-05 15:36:40] start_server: HTTP probe http://127.0.0.1:9620/editor.html
[08-05 15:36:41] start_server: HTTP probe failed on port 9620: timed out
[08-05 15:36:41] start_server: STARTED on port 9620 (TCP ok, HTTP verify skipped)
[08-05 15:36:41] start_server: success; ACTUAL_PORT=9620
[08-05 15:36:41] _fix_taskbar_icon: done big=388436353 small=215093609
[08-05 15:36:41] auto_start finished; status="服务器运行中"
[08-05 15:51:56] icon init: AppUserModelID set before Tk to NavEditor.App.FixedIcon.20260805
[08-05 15:51:56] icon init: _base=C:\Users\29773\AppData\Local\Temp\_MEI31722 _ico_path=C:\Users\29773\AppData\Local\Temp\_MEI31722\app_icon.ico exists=True
[08-05 15:51:56] icon init: iconbitmap OK
[08-05 15:51:56] _fix_taskbar_icon: done big=30607557 small=129630431
[08-05 15:51:56] __init__ start; frozen=True theme=dark
[08-05 15:51:57] __init__ done; auto_start scheduled in 100ms
[08-05 15:51:57] mainloop starting
[08-05 15:51:57] auto_start triggered; httpd_already=False
[08-05 15:51:58] _fix_taskbar_icon: done big=268505279 small=115479333
[08-05 15:51:58] start_server: begin; bind=127.0.0.1 project_dir=C:\Users\29773\Downloads\备份\NavEditor
[08-05 15:51:58] start_server: step3 trying candidates [9620, 9527, 9528, 9529, 9530, 9531]
[08-05 15:51:59] start_server: bind attempt on port 9620
[08-05 15:51:59] start_server: TCP probe 127.0.0.1:9620 attempt 1
[08-05 15:51:59] start_server: TCP ok on port 9620
[08-05 15:51:59] start_server: HTTP probe http://127.0.0.1:9620/editor.html
[08-05 15:51:59] start_server: HTTP probe failed on port 9620: timed out
[08-05 15:51:59] start_server: STARTED on port 9620 (TCP ok, HTTP verify skipped)
[08-05 15:51:59] start_server: success; ACTUAL_PORT=9620
[08-05 15:51:59] _fix_taskbar_icon: done big=309529555 small=53416661
[08-05 15:51:59] auto_start finished; status="服务器运行中"
[08-05 16:50:37] icon init: AppUserModelID set before Tk to NavEditor.App.FixedIcon.20260805
[08-05 16:50:37] icon init: _base=C:\Users\29773\AppData\Local\Temp\_MEI368522 _ico_path=C:\Users\29773\AppData\Local\Temp\_MEI368522\app_icon.ico exists=True
[08-05 16:50:37] icon init: iconbitmap OK
[08-05 16:50:37] _fix_taskbar_icon: done big=60490633 small=20058941
[08-05 16:50:37] __init__ start; frozen=True theme=dark
[08-05 16:50:39] __init__ done; auto_start scheduled in 100ms
[08-05 16:50:39] mainloop starting
[08-05 16:50:39] auto_start triggered; httpd_already=False
[08-05 16:50:40] _fix_taskbar_icon: done big=186847705 small=52433307
[08-05 16:50:40] start_server: begin; bind=127.0.0.1 project_dir=C:\Users\29773\Downloads\备份\NavEditor
[08-05 16:50:41] start_server: step3 trying candidates [9620, 9527, 9528, 9529, 9530, 9531]
[08-05 16:50:41] start_server: bind attempt on port 9620
[08-05 16:50:41] start_server: TCP probe 127.0.0.1:9620 attempt 1
[08-05 16:50:41] start_server: TCP ok on port 9620
[08-05 16:50:41] start_server: HTTP probe http://127.0.0.1:9620/editor.html
[08-05 16:50:41] start_server: HTTP probe failed on port 9620: timed out
[08-05 16:50:41] start_server: STARTED on port 9620 (TCP ok, HTTP verify skipped)
[08-05 16:50:41] start_server: success; ACTUAL_PORT=9620
[08-05 16:50:41] _fix_taskbar_icon: done big=122162163 small=160960621
[08-05 16:50:42] auto_start finished; status="服务器运行中"
[08-05 16:58:55] icon init: AppUserModelID set before Tk to NavEditor.App.FixedIcon.20260805
[08-05 16:58:56] icon init: _base=C:\Users\29773\AppData\Local\Temp\_MEI400682 _ico_path=C:\Users\29773\AppData\Local\Temp\_MEI400682\app_icon.ico exists=True
[08-05 16:58:56] icon init: iconbitmap OK
[08-05 16:58:56] _fix_taskbar_icon: done big=354816337 small=32248475
[08-05 16:58:56] __init__ start; frozen=True theme=dark
[08-05 16:58:57] __init__ done; auto_start scheduled in 100ms
[08-05 16:58:57] mainloop starting
[08-05 16:58:57] auto_start triggered; httpd_already=False
[08-05 16:58:57] _fix_taskbar_icon: done big=46666397 small=145101531
[08-05 16:58:57] start_server: begin; bind=127.0.0.1 project_dir=C:\Users\29773\Downloads\备份\NavEditor
[08-05 16:58:58] start_server: step3 trying candidates [9620, 9527, 9528, 9529, 9530, 9531]
[08-05 16:58:58] start_server: bind attempt on port 9620
[08-05 16:58:58] start_server: TCP probe 127.0.0.1:9620 attempt 1
[08-05 16:58:58] start_server: TCP ok on port 9620
[08-05 16:58:58] start_server: HTTP probe http://127.0.0.1:9620/editor.html
[08-05 16:58:58] start_server: HTTP probe failed on port 9620: timed out
[08-05 16:58:58] start_server: STARTED on port 9620 (TCP ok, HTTP verify skipped)
[08-05 16:58:58] start_server: success; ACTUAL_PORT=9620
[08-05 16:58:59] _fix_taskbar_icon: done big=74781385 small=213517341
[08-05 16:58:59] auto_start finished; status="服务器运行中"
[08-05 17:26:56] icon init: AppUserModelID set before Tk to NavEditor.App.FixedIcon.20260805
[08-05 17:26:56] icon init: _base=C:\Users\29773\AppData\Local\Temp\_MEI400522 _ico_path=C:\Users\29773\AppData\Local\Temp\_MEI400522\app_icon.ico exists=True
[08-05 17:26:56] icon init: iconbitmap OK
[08-05 17:26:56] _fix_taskbar_icon: done big=648023359 small=98962071
[08-05 17:26:56] __init__ start; frozen=True theme=dark
[08-05 17:26:57] __init__ done; auto_start scheduled in 100ms
[08-05 17:26:57] mainloop starting
[08-05 17:26:57] auto_start triggered; httpd_already=False
[08-05 17:26:58] _fix_taskbar_icon: done big=28841001 small=162795943
[08-05 17:26:58] start_server: begin; bind=127.0.0.1 project_dir=C:\Users\29773\Downloads\备份\NavEditor
[08-05 17:26:59] start_server: step3 trying candidates [9620, 9527, 9528, 9529, 9530, 9531]
[08-05 17:26:59] start_server: bind attempt on port 9620
[08-05 17:26:59] start_server: TCP probe 127.0.0.1:9620 attempt 1
[08-05 17:26:59] start_server: TCP ok on port 9620
[08-05 17:26:59] start_server: HTTP probe http://127.0.0.1:9620/editor.html
[08-05 17:26:59] start_server: HTTP probe failed on port 9620: timed out
[08-05 17:26:59] start_server: STARTED on port 9620 (TCP ok, HTTP verify skipped)
[08-05 17:26:59] start_server: success; ACTUAL_PORT=9620
[08-05 17:26:59] _fix_taskbar_icon: done big=39392309 small=133632735
[08-05 17:27:00] auto_start finished; status="服务器运行中"
[08-05 19:16:32] icon init: AppUserModelID set before Tk to NavEditor.App.FixedIcon.20260805
[08-05 19:16:32] icon init: _base=C:\Users\29773\AppData\Local\Temp\_MEI182762 _ico_path=C:\Users\29773\AppData\Local\Temp\_MEI182762\app_icon.ico exists=True
[08-05 19:16:32] icon init: iconbitmap OK
[08-05 19:16:32] _fix_taskbar_icon: done big=421859685 small=187499401
[08-05 19:16:32] __init__ start; frozen=True theme=dark
[08-05 19:16:33] __init__ done; auto_start scheduled in 100ms
[08-05 19:16:33] mainloop starting
[08-05 19:16:33] auto_start triggered; httpd_already=False
[08-05 19:16:33] _fix_taskbar_icon: done big=55120943 small=32576155
[08-05 19:16:33] start_server: begin; bind=127.0.0.1 project_dir=C:\Users\29773\Downloads\备份\NavEditor
[08-05 19:16:34] start_server: step3 trying candidates [9620, 9527, 9528, 9529, 9530, 9531]
[08-05 19:16:34] start_server: bind attempt on port 9620
[08-05 19:16:34] start_server: TCP probe 127.0.0.1:9620 attempt 1
[08-05 19:16:34] start_server: TCP ok on port 9620
[08-05 19:16:34] start_server: HTTP probe http://127.0.0.1:9620/editor.html
[08-05 19:16:35] start_server: HTTP probe failed on port 9620: timed out
[08-05 19:16:35] start_server: STARTED on port 9620 (TCP ok, HTTP verify skipped)
[08-05 19:16:35] start_server: success; ACTUAL_PORT=9620
[08-05 19:16:35] _fix_taskbar_icon: done big=126094853 small=202969827
[08-05 19:16:35] auto_start finished; status="服务器运行中"
[08-05 19:48:17] icon init: AppUserModelID set before Tk to NavEditor.App.FixedIcon.20260805
[08-05 19:48:17] icon init: _base=C:\Users\29773\AppData\Local\Temp\_MEI45243 _ico_path=C:\Users\29773\AppData\Local\Temp\_MEI45243\app_icon.ico exists=True
[08-05 19:48:17] icon init: iconbitmap OK
[08-05 19:48:17] _fix_taskbar_icon: done big=288297727 small=671551041
[08-05 19:48:17] __init__ start; frozen=True theme=dark
[08-05 19:48:18] __init__ done; auto_start scheduled in 100ms
[08-05 19:48:18] mainloop starting
[08-05 19:48:18] auto_start triggered; httpd_already=False
[08-05 19:48:19] _fix_taskbar_icon: done big=70062627 small=110429185
[08-05 19:48:19] start_server: begin; bind=127.0.0.1 project_dir=C:\Users\29773\Downloads\备份\NavEditor
[08-05 19:48:19] start_server: existing instance detected on port 9620
[08-05 21:18:49] icon init: AppUserModelID set before Tk to NavEditor.App.FixedIcon.20260805
[08-05 21:18:49] icon init: _base=C:\Users\29773\AppData\Local\Temp\_MEI142442 _ico_path=C:\Users\29773\AppData\Local\Temp\_MEI142442\app_icon.ico exists=True
[08-05 21:18:49] icon init: iconbitmap OK
[08-05 21:18:50] _fix_taskbar_icon: done big=251925397 small=576327299
[08-05 21:18:50] __init__ start; frozen=True theme=dark
[08-05 21:18:50] __init__ done; auto_start scheduled in 100ms
[08-05 21:18:50] mainloop starting
[08-05 21:18:51] auto_start triggered; httpd_already=False
[08-05 21:18:51] _fix_taskbar_icon: done big=109645341 small=401543767
[08-05 21:18:51] start_server: begin; bind=127.0.0.1 project_dir=C:\Users\29773\Downloads\备份\NavEditor
[08-05 21:18:51] start_server: existing instance detected on port 9620
